=== Pythia-70M RQ4 (fixed target_layer) ===
/home/hyohyeongjang/.conda/envs/commonRegion/lib/python3.10/site-packages/requests/__init__.py:113: RequestsDependencyWarning: urllib3 (2.5.0) or chardet (6.0.0.post1)/charset_normalizer (3.4.3) doesn't match a supported version!
  warnings.warn(
[pythia-70m] Loading model on cuda:1...
MLSAE: n_inputs=512, n_latents=32768, k=32
Streaming probe corpus: ['en', 'fr', 'de', 'es', 'it', 'nl', 'pt', 'ru', 'zh', 'ja'], 1500 examples/language...
  en: 1500 examples
  fr: 1500 examples
  de: 1500 examples
  es: 1500 examples
  it: 1500 examples
  nl: 1500 examples
  pt: 1500 examples
  ru: 1500 examples
  zh: 1500 examples
  ja: 1500 examples
  corpus streamed in 98s
Pass 1/2: streaming through every example, accumulating LAPE statistics only...
  2000/15000 examples processed, 12s elapsed
  4000/15000 examples processed, 25s elapsed
  6000/15000 examples processed, 37s elapsed
  8000/15000 examples processed, 49s elapsed
  10000/15000 examples processed, 62s elapsed
  12000/15000 examples processed, 74s elapsed
  14000/15000 examples processed, 88s elapsed
  LAPE accumulation done in 94s
  115 language-specific neurons found (percentile cutoff)
Pass 2/2: re-streaming each language's examples, this time caching only the residual stream plus the 115 target neurons' own activation columns...
  selective caching done in 120s
Analyzing top 115 neurons (attribution + patching)...
  [1/115] L3N329 (en): overlap=1.00, n_patchable=10, attributed/neuron=1.337/0.424, random=0.010 (1s)
  [2/115] L4N1820 (en): overlap=0.90, n_patchable=10, attributed/neuron=0.831/0.598, random=0.000 (1s)
  [3/115] L5N1161 (de): overlap=0.60, n_patchable=7, attributed/neuron=2.761/1.607, random=0.000 (1s)
  [4/115] L5N1681 (zh): overlap=0.38, n_patchable=1, attributed/neuron=9.935/1.384, random=0.000 (1s)
  [5/115] L5N752 (zh): overlap=0.82, n_patchable=1, attributed/neuron=0.251/6.175, random=0.000 (1s)
  [6/115] L5N1182 (en): overlap=0.33, n_patchable=3, attributed/neuron=17.698/0.409, random=0.000 (1s)
  [7/115] L5N1810 (ja): overlap=0.82, n_patchable=2, attributed/neuron=14.734/1.005, random=0.000 (1s)
  [8/115] L5N1665 (ja): overlap=0.90, n_patchable=0, no patchable latents (0s)
  [9/115] L5N1780 (zh): overlap=0.29, n_patchable=37, attributed/neuron=93.405/110.596, random=0.000 (1s)
  [10/115] L5N511 (ru): overlap=0.60, n_patchable=3, attributed/neuron=5.176/4.375, random=0.000 (1s)
  [11/115] L5N1497 (pt): overlap=0.90, n_patchable=3, attributed/neuron=1.442/0.806, random=0.000 (1s)
  [12/115] L5N751 (ja): overlap=0.33, n_patchable=18, attributed/neuron=10.920/5.659, random=0.234 (1s)
  [13/115] L5N524 (ja): overlap=1.00, n_patchable=1, attributed/neuron=1.122/4.801, random=0.000 (1s)
  [14/115] L5N257 (zh): overlap=0.82, n_patchable=4, attributed/neuron=1.886/1.395, random=0.000 (1s)
  [15/115] L3N12 (de): overlap=0.48, n_patchable=3, attributed/neuron=1.380/0.399, random=0.000 (1s)
  [16/115] L3N661 (ja): overlap=0.60, n_patchable=2, attributed/neuron=0.911/31.226, random=0.000 (1s)
  [17/115] L5N1238 (en): overlap=0.33, n_patchable=10, attributed/neuron=8.032/0.433, random=0.000 (1s)
  [18/115] L2N565 (fr): overlap=0.90, n_patchable=7, attributed/neuron=0.116/4.628, random=0.000 (1s)
  [19/115] L5N305 (zh): overlap=0.60, n_patchable=0, no patchable latents (0s)
  [20/115] L5N1219 (en): overlap=0.74, n_patchable=2, attributed/neuron=0.763/0.177, random=0.000 (1s)
  [21/115] L5N670 (fr): overlap=0.82, n_patchable=2, attributed/neuron=1.020/0.879, random=0.000 (1s)
  [22/115] L5N677 (en): overlap=0.33, n_patchable=4, attributed/neuron=12.659/0.216, random=0.000 (1s)
  [23/115] L5N1831 (ja): overlap=0.67, n_patchable=1, attributed/neuron=0.886/2.465, random=0.000 (1s)
  [24/115] L0N1949 (zh): overlap=0.90, n_patchable=18, attributed/neuron=56.394/16.918, random=0.083 (1s)
  [25/115] L5N1595 (de): overlap=0.90, n_patchable=1, attributed/neuron=3.599/0.281, random=0.000 (1s)
  [26/115] L5N1392 (en): overlap=0.48, n_patchable=5, attributed/neuron=5.526/0.387, random=0.000 (1s)
  [27/115] L5N1839 (ru): overlap=1.00, n_patchable=2, attributed/neuron=5.078/8.949, random=0.000 (1s)
  [28/115] L3N981 (en): overlap=0.82, n_patchable=8, attributed/neuron=0.814/0.290, random=0.001 (1s)
  [29/115] L5N324 (ja): overlap=0.90, n_patchable=3, attributed/neuron=11.938/0.820, random=0.000 (1s)
  [30/115] L5N357 (en): overlap=0.43, n_patchable=4, attributed/neuron=4.986/0.249, random=0.000 (1s)
  [31/115] L2N987 (en): overlap=0.90, n_patchable=8, attributed/neuron=1.017/0.146, random=0.000 (1s)
  [32/115] L2N169 (zh): overlap=1.00, n_patchable=6, attributed/neuron=1.155/2.577, random=0.000 (1s)
  [33/115] L5N1358 (nl): overlap=0.90, n_patchable=3, attributed/neuron=21.613/0.841, random=0.000 (1s)
  [34/115] L3N1586 (it): overlap=0.67, n_patchable=7, attributed/neuron=1.792/0.795, random=0.005 (1s)
  [35/115] L2N1779 (fr): overlap=0.74, n_patchable=7, attributed/neuron=1.727/1.392, random=0.000 (1s)
  [36/115] L3N609 (fr): overlap=0.60, n_patchable=5, attributed/neuron=1.513/2.006, random=0.000 (1s)
  [37/115] L5N69 (zh): overlap=1.00, n_patchable=1, attributed/neuron=8.177/0.526, random=0.000 (1s)
  [38/115] L5N307 (de): overlap=0.82, n_patchable=8, attributed/neuron=30.099/0.505, random=0.000 (1s)
  [39/115] L1N510 (ja): overlap=0.67, n_patchable=3, attributed/neuron=12.711/3.677, random=0.000 (1s)
  [40/115] L4N461 (zh): overlap=1.00, n_patchable=4, attributed/neuron=26.735/2.395, random=0.000 (1s)
  [41/115] L2N193 (es): overlap=0.74, n_patchable=8, attributed/neuron=1.102/5.254, random=0.001 (1s)
  [42/115] L5N953 (en): overlap=0.43, n_patchable=4, attributed/neuron=26.972/0.278, random=0.000 (1s)
  [43/115] L3N1298 (en): overlap=0.67, n_patchable=13, attributed/neuron=0.621/0.257, random=0.000 (1s)
  [44/115] L4N2001 (ja): overlap=0.82, n_patchable=2, attributed/neuron=3.432/10.362, random=0.000 (1s)
  [45/115] L5N1634 (en): overlap=0.25, n_patchable=3, attributed/neuron=0.000/0.368, random=0.000 (1s)
  [46/115] L5N1705 (en): overlap=0.48, n_patchable=0, no patchable latents (0s)
  [47/115] L5N1138 (ru): overlap=0.67, n_patchable=6, attributed/neuron=3.976/2.493, random=0.000 (1s)
  [48/115] L2N1054 (nl): overlap=1.00, n_patchable=3, attributed/neuron=0.233/0.312, random=0.000 (1s)
  [49/115] L3N948 (nl): overlap=0.90, n_patchable=7, attributed/neuron=3.700/1.003, random=0.000 (1s)
  [50/115] L5N1929 (ja): overlap=0.90, n_patchable=2, attributed/neuron=0.261/0.734, random=0.000 (1s)
  [51/115] L5N977 (ja): overlap=0.67, n_patchable=6, attributed/neuron=7.438/1.343, random=0.000 (1s)
  [52/115] L5N796 (en): overlap=0.25, n_patchable=2, attributed/neuron=6.656/0.159, random=0.000 (1s)
  [53/115] L5N1120 (en): overlap=0.74, n_patchable=1, attributed/neuron=4.491/0.205, random=0.000 (1s)
  [54/115] L5N959 (ja): overlap=0.74, n_patchable=2, attributed/neuron=0.236/2.654, random=0.000 (1s)
  [55/115] L5N285 (ja): overlap=0.29, n_patchable=20, attributed/neuron=40.699/2.028, random=0.000 (1s)
  [56/115] L5N1143 (en): overlap=0.25, n_patchable=2, attributed/neuron=5.263/0.199, random=0.000 (1s)
  [57/115] L3N1464 (zh): overlap=0.54, n_patchable=19, attributed/neuron=127.110/73.836, random=0.000 (1s)
  [58/115] L5N692 (en): overlap=0.60, n_patchable=1, attributed/neuron=4.646/0.344, random=0.000 (1s)
  [59/115] L5N522 (zh): overlap=0.90, n_patchable=4, attributed/neuron=7.276/1.315, random=0.000 (1s)
  [60/115] L4N513 (ja): overlap=0.74, n_patchable=6, attributed/neuron=4.430/2.914, random=0.083 (1s)
  [61/115] L4N1176 (en): overlap=0.82, n_patchable=3, attributed/neuron=0.468/1.102, random=0.000 (1s)
  [62/115] L5N974 (pt): overlap=0.90, n_patchable=2, attributed/neuron=1.658/1.316, random=0.000 (1s)
  [63/115] L4N482 (de): overlap=0.67, n_patchable=8, attributed/neuron=1.571/0.331, random=0.000 (1s)
  [64/115] L5N155 (ru): overlap=0.38, n_patchable=2, attributed/neuron=0.819/0.883, random=0.000 (1s)
  [65/115] L5N1389 (en): overlap=1.00, n_patchable=1, attributed/neuron=4.590/0.288, random=0.000 (1s)
  [66/115] L3N1788 (ja): overlap=0.54, n_patchable=3, attributed/neuron=0.192/1.054, random=0.000 (1s)
  [67/115] L4N1523 (zh): overlap=0.60, n_patchable=2, attributed/neuron=23.858/145.957, random=0.000 (1s)
  [68/115] L5N745 (fr): overlap=0.67, n_patchable=1, attributed/neuron=1.961/0.196, random=0.000 (1s)
  [69/115] L2N322 (en): overlap=1.00, n_patchable=9, attributed/neuron=0.444/0.296, random=0.000 (1s)
  [70/115] L5N1019 (ru): overlap=0.54, n_patchable=0, no patchable latents (0s)
  [71/115] L4N1448 (en): overlap=0.82, n_patchable=9, attributed/neuron=1.153/0.337, random=0.000 (1s)
  [72/115] L5N1769 (ja): overlap=1.00, n_patchable=0, no patchable latents (0s)
  [73/115] L3N294 (en): overlap=0.60, n_patchable=12, attributed/neuron=0.256/0.232, random=0.000 (1s)
  [74/115] L2N33 (en): overlap=0.90, n_patchable=5, attributed/neuron=0.069/0.298, random=0.000 (1s)
  [75/115] L2N1410 (pt): overlap=0.74, n_patchable=2, attributed/neuron=0.442/1.009, random=0.000 (1s)
  [76/115] L4N411 (en): overlap=0.82, n_patchable=15, attributed/neuron=0.584/0.629, random=0.003 (1s)
  [77/115] L5N1523 (zh): overlap=0.82, n_patchable=3, attributed/neuron=8.168/0.724, random=0.000 (1s)
  [78/115] L0N1006 (ru): overlap=0.82, n_patchable=20, attributed/neuron=25.075/15.135, random=2.556 (1s)
  [79/115] L5N213 (zh): overlap=0.14, n_patchable=0, no patchable latents (0s)
  [80/115] L5N1011 (nl): overlap=0.74, n_patchable=2, attributed/neuron=5.592/0.810, random=0.000 (1s)
  [81/115] L5N1536 (fr): overlap=0.74, n_patchable=0, no patchable latents (0s)
  [82/115] L5N1713 (en): overlap=0.54, n_patchable=5, attributed/neuron=7.827/0.238, random=0.000 (1s)
  [83/115] L5N546 (es): overlap=0.74, n_patchable=2, attributed/neuron=0.731/0.434, random=0.000 (1s)
  [84/115] L5N1693 (nl): overlap=0.82, n_patchable=2, attributed/neuron=13.754/1.236, random=0.000 (1s)
  [85/115] L5N1508 (ru): overlap=0.90, n_patchable=5, attributed/neuron=2.100/1.104, random=0.000 (1s)
  [86/115] L3N524 (ja): overlap=0.38, n_patchable=1, attributed/neuron=0.001/4.954, random=0.000 (1s)
  [87/115] L5N233 (zh): overlap=0.90, n_patchable=0, no patchable latents (0s)
  [88/115] L5N2 (ja): overlap=0.60, n_patchable=9, attributed/neuron=7.164/1.318, random=0.000 (1s)
  [89/115] L4N1586 (en): overlap=0.60, n_patchable=7, attributed/neuron=0.450/0.686, random=0.001 (1s)
  [90/115] L3N219 (zh): overlap=0.54, n_patchable=4, attributed/neuron=1.260/2.763, random=0.000 (1s)
  [91/115] L4N1023 (en): overlap=0.54, n_patchable=2, attributed/neuron=1.540/0.790, random=0.000 (1s)
  [92/115] L0N2007 (ja): overlap=0.82, n_patchable=19, attributed/neuron=13.308/6.235, random=0.003 (1s)
  [93/115] L5N1447 (it): overlap=0.82, n_patchable=2, attributed/neuron=0.850/0.648, random=0.000 (1s)
  [94/115] L5N812 (zh): overlap=0.25, n_patchable=3, attributed/neuron=11.947/56.936, random=0.000 (1s)
  [95/115] L4N1434 (de): overlap=0.82, n_patchable=10, attributed/neuron=2.099/3.957, random=0.000 (1s)
  [96/115] L3N1943 (zh): overlap=0.67, n_patchable=2, attributed/neuron=17.150/8.431, random=0.000 (1s)
  [97/115] L2N1421 (en): overlap=0.90, n_patchable=3, attributed/neuron=1.489/0.272, random=0.000 (1s)
  [98/115] L1N353 (zh): overlap=0.60, n_patchable=7, attributed/neuron=63.560/15.646, random=1.711 (1s)
  [99/115] L5N1956 (en): overlap=0.21, n_patchable=7, attributed/neuron=22.444/0.303, random=0.000 (1s)
  [100/115] L2N810 (nl): overlap=0.82, n_patchable=1, attributed/neuron=0.000/0.716, random=0.000 (1s)
  [101/115] L2N1180 (pt): overlap=0.74, n_patchable=10, attributed/neuron=3.860/12.687, random=0.234 (1s)
  [102/115] L3N2014 (ja): overlap=0.82, n_patchable=3, attributed/neuron=17.800/5.935, random=0.000 (1s)
  [103/115] L5N366 (en): overlap=0.74, n_patchable=1, attributed/neuron=0.000/0.368, random=0.000 (1s)
  [104/115] L5N394 (fr): overlap=0.60, n_patchable=0, no patchable latents (0s)
  [105/115] L2N645 (en): overlap=0.90, n_patchable=6, attributed/neuron=0.968/0.344, random=0.046 (1s)
  [106/115] L5N596 (nl): overlap=0.82, n_patchable=0, no patchable latents (0s)
  [107/115] L4N1150 (en): overlap=0.54, n_patchable=5, attributed/neuron=0.596/0.358, random=0.000 (1s)
  [108/115] L3N719 (nl): overlap=0.48, n_patchable=6, attributed/neuron=2.569/3.609, random=0.000 (1s)
  [109/115] L5N826 (nl): overlap=0.08, n_patchable=27, attributed/neuron=72.149/1.835, random=0.000 (1s)
  [110/115] L4N1446 (en): overlap=0.74, n_patchable=8, attributed/neuron=0.613/0.346, random=0.000 (1s)
  [111/115] L3N478 (zh): overlap=0.82, n_patchable=4, attributed/neuron=23.490/3.859, random=0.000 (1s)
  [112/115] L5N1108 (ja): overlap=0.82, n_patchable=3, attributed/neuron=3.150/1.848, random=0.000 (1s)
  [113/115] L5N919 (en): overlap=0.21, n_patchable=18, attributed/neuron=56.222/1.293, random=0.000 (1s)
  [114/115] L3N613 (zh): overlap=0.90, n_patchable=7, attributed/neuron=8.340/2.532, random=0.000 (1s)
  [115/115] L5N1437 (ja): overlap=0.90, n_patchable=3, attributed/neuron=7.868/0.480, random=0.000 (1s)

Done. Results saved to results/flow1_pythia70m_realscale.json
=== Pythia-410M RQ4 (fixed target_layer) ===
/home/hyohyeongjang/.conda/envs/commonRegion/lib/python3.10/site-packages/requests/__init__.py:113: RequestsDependencyWarning: urllib3 (2.5.0) or chardet (6.0.0.post1)/charset_normalizer (3.4.3) doesn't match a supported version!
  warnings.warn(
[pythia-410m] Loading model on cuda:1...
MLSAE: n_inputs=512, n_latents=32768, k=32
Streaming probe corpus: ['en', 'fr', 'de', 'es', 'it', 'nl', 'pt', 'ru', 'zh', 'ja'], 1500 examples/language...
  en: 1500 examples
  fr: 1500 examples
  de: 1500 examples
  es: 1500 examples
  it: 1500 examples
  nl: 1500 examples
  pt: 1500 examples
  ru: 1500 examples
  zh: 1500 examples
  ja: 1500 examples
  corpus streamed in 91s
Pass 1/2: streaming through every example, accumulating LAPE statistics only...
  2000/15000 examples processed, 39s elapsed
  4000/15000 examples processed, 78s elapsed
  6000/15000 examples processed, 117s elapsed
  8000/15000 examples processed, 155s elapsed
  10000/15000 examples processed, 194s elapsed
  12000/15000 examples processed, 233s elapsed
  14000/15000 examples processed, 273s elapsed
  LAPE accumulation done in 293s
  873 language-specific neurons found (percentile cutoff)
Pass 2/2: re-streaming each language's examples, this time caching only the residual stream plus the 150 target neurons' own activation columns...
  selective caching done in 401s
Analyzing top 150 neurons (attribution + patching)...
  [1/150] L23N4037: FAILED: mat1 and mat2 shapes cannot be multiplied (40x1024 and 512x32768)
  [2/150] L18N2584: FAILED: mat1 and mat2 shapes cannot be multiplied (40x1024 and 512x32768)
  [3/150] L16N2698: FAILED: mat1 and mat2 shapes cannot be multiplied (40x1024 and 512x32768)
  [4/150] L16N2287: FAILED: mat1 and mat2 shapes cannot be multiplied (40x1024 and 512x32768)
  [5/150] L20N1311: FAILED: mat1 and mat2 shapes cannot be multiplied (40x1024 and 512x32768)
  [6/150] L13N531: FAILED: mat1 and mat2 shapes cannot be multiplied (40x1024 and 512x32768)
  [7/150] L17N2938: FAILED: mat1 and mat2 shapes cannot be multiplied (40x1024 and 512x32768)
  [8/150] L8N236: FAILED: mat1 and mat2 shapes cannot be multiplied (40x1024 and 512x32768)
  [9/150] L22N2088: FAILED: mat1 and mat2 shapes cannot be multiplied (40x1024 and 512x32768)
  [10/150] L1N3877: FAILED: mat1 and mat2 shapes cannot be multiplied (40x1024 and 512x32768)
  [11/150] L16N3634: FAILED: mat1 and mat2 shapes cannot be multiplied (40x1024 and 512x32768)
  [12/150] L10N1071: FAILED: mat1 and mat2 shapes cannot be multiplied (40x1024 and 512x32768)
  [13/150] L16N1186: FAILED: mat1 and mat2 shapes cannot be multiplied (40x1024 and 512x32768)
  [14/150] L19N2536: FAILED: mat1 and mat2 shapes cannot be multiplied (40x1024 and 512x32768)
  [15/150] L23N3466: FAILED: mat1 and mat2 shapes cannot be multiplied (40x1024 and 512x32768)
  [16/150] L16N3121: FAILED: mat1 and mat2 shapes cannot be multiplied (40x1024 and 512x32768)
  [17/150] L19N2344: FAILED: mat1 and mat2 shapes cannot be multiplied (40x1024 and 512x32768)
  [18/150] L19N107: FAILED: mat1 and mat2 shapes cannot be multiplied (40x1024 and 512x32768)
  [19/150] L23N120: FAILED: mat1 and mat2 shapes cannot be multiplied (40x1024 and 512x32768)
  [20/150] L16N3813: FAILED: mat1 and mat2 shapes cannot be multiplied (40x1024 and 512x32768)
  [21/150] L20N3537: FAILED: mat1 and mat2 shapes cannot be multiplied (40x1024 and 512x32768)
  [22/150] L15N1971: FAILED: mat1 and mat2 shapes cannot be multiplied (40x1024 and 512x32768)
  [23/150] L1N126: FAILED: mat1 and mat2 shapes cannot be multiplied (40x1024 and 512x32768)
  [24/150] L1N876: FAILED: mat1 and mat2 shapes cannot be multiplied (40x1024 and 512x32768)
  [25/150] L1N547: FAILED: mat1 and mat2 shapes cannot be multiplied (40x1024 and 512x32768)
  [26/150] L18N3915: FAILED: mat1 and mat2 shapes cannot be multiplied (40x1024 and 512x32768)
  [27/150] L23N2427: FAILED: mat1 and mat2 shapes cannot be multiplied (40x1024 and 512x32768)
  [28/150] L23N2915: FAILED: mat1 and mat2 shapes cannot be multiplied (40x1024 and 512x32768)
  [29/150] L22N3353: FAILED: mat1 and mat2 shapes cannot be multiplied (40x1024 and 512x32768)
  [30/150] L19N2995: FAILED: mat1 and mat2 shapes cannot be multiplied (40x1024 and 512x32768)
  [31/150] L14N2509: FAILED: mat1 and mat2 shapes cannot be multiplied (40x1024 and 512x32768)
  [32/150] L1N3927: FAILED: mat1 and mat2 shapes cannot be multiplied (40x1024 and 512x32768)
  [33/150] L1N63: FAILED: mat1 and mat2 shapes cannot be multiplied (40x1024 and 512x32768)
  [34/150] L20N354: FAILED: mat1 and mat2 shapes cannot be multiplied (40x1024 and 512x32768)
  [35/150] L18N2280: FAILED: mat1 and mat2 shapes cannot be multiplied (40x1024 and 512x32768)
  [36/150] L16N3423: FAILED: mat1 and mat2 shapes cannot be multiplied (40x1024 and 512x32768)
  [37/150] L4N3180: FAILED: mat1 and mat2 shapes cannot be multiplied (40x1024 and 512x32768)
  [38/150] L23N2585: FAILED: mat1 and mat2 shapes cannot be multiplied (40x1024 and 512x32768)
  [39/150] L1N1431: FAILED: mat1 and mat2 shapes cannot be multiplied (40x1024 and 512x32768)
  [40/150] L19N139: FAILED: mat1 and mat2 shapes cannot be multiplied (40x1024 and 512x32768)
  [41/150] L1N2354: FAILED: mat1 and mat2 shapes cannot be multiplied (40x1024 and 512x32768)
  [42/150] L22N3121: FAILED: mat1 and mat2 shapes cannot be multiplied (40x1024 and 512x32768)
  [43/150] L7N3055: FAILED: mat1 and mat2 shapes cannot be multiplied (40x1024 and 512x32768)
  [44/150] L22N860: FAILED: mat1 and mat2 shapes cannot be multiplied (40x1024 and 512x32768)
  [45/150] L18N1209: FAILED: mat1 and mat2 shapes cannot be multiplied (40x1024 and 512x32768)
  [46/150] L18N3533: FAILED: mat1 and mat2 shapes cannot be multiplied (40x1024 and 512x32768)
  [47/150] L19N3943: FAILED: mat1 and mat2 shapes cannot be multiplied (40x1024 and 512x32768)
  [48/150] L1N984: FAILED: mat1 and mat2 shapes cannot be multiplied (40x1024 and 512x32768)
  [49/150] L20N1161: FAILED: mat1 and mat2 shapes cannot be multiplied (40x1024 and 512x32768)
  [50/150] L18N264: FAILED: mat1 and mat2 shapes cannot be multiplied (40x1024 and 512x32768)
  [51/150] L20N2970: FAILED: mat1 and mat2 shapes cannot be multiplied (40x1024 and 512x32768)
  [52/150] L1N3287: FAILED: mat1 and mat2 shapes cannot be multiplied (40x1024 and 512x32768)
  [53/150] L1N2441: FAILED: mat1 and mat2 shapes cannot be multiplied (40x1024 and 512x32768)
  [54/150] L23N2378: FAILED: mat1 and mat2 shapes cannot be multiplied (40x1024 and 512x32768)
  [55/150] L18N166: FAILED: mat1 and mat2 shapes cannot be multiplied (40x1024 and 512x32768)
  [56/150] L22N2183: FAILED: mat1 and mat2 shapes cannot be multiplied (40x1024 and 512x32768)
  [57/150] L19N256: FAILED: mat1 and mat2 shapes cannot be multiplied (40x1024 and 512x32768)
  [58/150] L1N315: FAILED: mat1 and mat2 shapes cannot be multiplied (40x1024 and 512x32768)
  [59/150] L19N4058: FAILED: mat1 and mat2 shapes cannot be multiplied (40x1024 and 512x32768)
  [60/150] L22N673: FAILED: mat1 and mat2 shapes cannot be multiplied (40x1024 and 512x32768)
  [61/150] L1N1755: FAILED: mat1 and mat2 shapes cannot be multiplied (40x1024 and 512x32768)
  [62/150] L1N272: FAILED: mat1 and mat2 shapes cannot be multiplied (40x1024 and 512x32768)
  [63/150] L21N53: FAILED: mat1 and mat2 shapes cannot be multiplied (40x1024 and 512x32768)
  [64/150] L22N2670: FAILED: mat1 and mat2 shapes cannot be multiplied (40x1024 and 512x32768)
  [65/150] L23N944: FAILED: mat1 and mat2 shapes cannot be multiplied (40x1024 and 512x32768)
  [66/150] L23N3273: FAILED: mat1 and mat2 shapes cannot be multiplied (40x1024 and 512x32768)
  [67/150] L21N2691: FAILED: mat1 and mat2 shapes cannot be multiplied (40x1024 and 512x32768)
  [68/150] L20N1759: FAILED: mat1 and mat2 shapes cannot be multiplied (40x1024 and 512x32768)
  [69/150] L20N3718: FAILED: mat1 and mat2 shapes cannot be multiplied (40x1024 and 512x32768)
  [70/150] L18N517: FAILED: mat1 and mat2 shapes cannot be multiplied (40x1024 and 512x32768)
  [71/150] L19N1067: FAILED: mat1 and mat2 shapes cannot be multiplied (40x1024 and 512x32768)
  [72/150] L21N1491: FAILED: mat1 and mat2 shapes cannot be multiplied (40x1024 and 512x32768)
  [73/150] L1N3480: FAILED: mat1 and mat2 shapes cannot be multiplied (40x1024 and 512x32768)
  [74/150] L18N434: FAILED: mat1 and mat2 shapes cannot be multiplied (40x1024 and 512x32768)
  [75/150] L1N1539: FAILED: mat1 and mat2 shapes cannot be multiplied (40x1024 and 512x32768)
  [76/150] L19N2665: FAILED: mat1 and mat2 shapes cannot be multiplied (40x1024 and 512x32768)
  [77/150] L20N228: FAILED: mat1 and mat2 shapes cannot be multiplied (40x1024 and 512x32768)
  [78/150] L16N2888: FAILED: mat1 and mat2 shapes cannot be multiplied (40x1024 and 512x32768)
  [79/150] L1N3423: FAILED: mat1 and mat2 shapes cannot be multiplied (40x1024 and 512x32768)
  [80/150] L19N2557: FAILED: mat1 and mat2 shapes cannot be multiplied (40x1024 and 512x32768)
  [81/150] L21N2186: FAILED: mat1 and mat2 shapes cannot be multiplied (40x1024 and 512x32768)
  [82/150] L19N2893: FAILED: mat1 and mat2 shapes cannot be multiplied (40x1024 and 512x32768)
  [83/150] L21N3223: FAILED: mat1 and mat2 shapes cannot be multiplied (40x1024 and 512x32768)
  [84/150] L22N3566: FAILED: mat1 and mat2 shapes cannot be multiplied (40x1024 and 512x32768)
  [85/150] L20N1257: FAILED: mat1 and mat2 shapes cannot be multiplied (40x1024 and 512x32768)
  [86/150] L19N135: FAILED: mat1 and mat2 shapes cannot be multiplied (40x1024 and 512x32768)
  [87/150] L23N3919: FAILED: mat1 and mat2 shapes cannot be multiplied (40x1024 and 512x32768)
  [88/150] L1N1035: FAILED: mat1 and mat2 shapes cannot be multiplied (40x1024 and 512x32768)
  [89/150] L21N1222: FAILED: mat1 and mat2 shapes cannot be multiplied (40x1024 and 512x32768)
  [90/150] L20N2061: FAILED: mat1 and mat2 shapes cannot be multiplied (40x1024 and 512x32768)
  [91/150] L18N312: FAILED: mat1 and mat2 shapes cannot be multiplied (40x1024 and 512x32768)
  [92/150] L19N3346: FAILED: mat1 and mat2 shapes cannot be multiplied (40x1024 and 512x32768)
  [93/150] L1N2219: FAILED: mat1 and mat2 shapes cannot be multiplied (40x1024 and 512x32768)
  [94/150] L1N2605: FAILED: mat1 and mat2 shapes cannot be multiplied (40x1024 and 512x32768)
  [95/150] L1N2865: FAILED: mat1 and mat2 shapes cannot be multiplied (40x1024 and 512x32768)
  [96/150] L20N2203: FAILED: mat1 and mat2 shapes cannot be multiplied (40x1024 and 512x32768)
  [97/150] L20N166: FAILED: mat1 and mat2 shapes cannot be multiplied (40x1024 and 512x32768)
  [98/150] L19N436: FAILED: mat1 and mat2 shapes cannot be multiplied (40x1024 and 512x32768)
  [99/150] L20N2314: FAILED: mat1 and mat2 shapes cannot be multiplied (40x1024 and 512x32768)
  [100/150] L16N3267: FAILED: mat1 and mat2 shapes cannot be multiplied (40x1024 and 512x32768)
  [101/150] L23N3964: FAILED: mat1 and mat2 shapes cannot be multiplied (40x1024 and 512x32768)
  [102/150] L21N1910: FAILED: mat1 and mat2 shapes cannot be multiplied (40x1024 and 512x32768)
  [103/150] L21N178: FAILED: mat1 and mat2 shapes cannot be multiplied (40x1024 and 512x32768)
  [104/150] L1N292: FAILED: mat1 and mat2 shapes cannot be multiplied (40x1024 and 512x32768)
  [105/150] L3N318: FAILED: mat1 and mat2 shapes cannot be multiplied (40x1024 and 512x32768)
  [106/150] L18N2357: FAILED: mat1 and mat2 shapes cannot be multiplied (40x1024 and 512x32768)
  [107/150] L20N1924: FAILED: mat1 and mat2 shapes cannot be multiplied (40x1024 and 512x32768)
  [108/150] L20N1608: FAILED: mat1 and mat2 shapes cannot be multiplied (40x1024 and 512x32768)
  [109/150] L15N293: FAILED: mat1 and mat2 shapes cannot be multiplied (40x1024 and 512x32768)
  [110/150] L20N1193: FAILED: mat1 and mat2 shapes cannot be multiplied (40x1024 and 512x32768)
  [111/150] L23N1967: FAILED: mat1 and mat2 shapes cannot be multiplied (40x1024 and 512x32768)
  [112/150] L19N2783: FAILED: mat1 and mat2 shapes cannot be multiplied (40x1024 and 512x32768)
  [113/150] L20N1180: FAILED: mat1 and mat2 shapes cannot be multiplied (40x1024 and 512x32768)
  [114/150] L1N2567: FAILED: mat1 and mat2 shapes cannot be multiplied (40x1024 and 512x32768)
  [115/150] L1N2393: FAILED: mat1 and mat2 shapes cannot be multiplied (40x1024 and 512x32768)
  [116/150] L19N3005: FAILED: mat1 and mat2 shapes cannot be multiplied (40x1024 and 512x32768)
  [117/150] L21N3947: FAILED: mat1 and mat2 shapes cannot be multiplied (40x1024 and 512x32768)
  [118/150] L19N934: FAILED: mat1 and mat2 shapes cannot be multiplied (40x1024 and 512x32768)
  [119/150] L21N245: FAILED: mat1 and mat2 shapes cannot be multiplied (40x1024 and 512x32768)
  [120/150] L23N419: FAILED: mat1 and mat2 shapes cannot be multiplied (40x1024 and 512x32768)
  [121/150] L18N1691: FAILED: mat1 and mat2 shapes cannot be multiplied (40x1024 and 512x32768)
  [122/150] L20N1765: FAILED: mat1 and mat2 shapes cannot be multiplied (40x1024 and 512x32768)
  [123/150] L20N3532: FAILED: mat1 and mat2 shapes cannot be multiplied (40x1024 and 512x32768)
  [124/150] L20N3921: FAILED: mat1 and mat2 shapes cannot be multiplied (40x1024 and 512x32768)
  [125/150] L1N3587: FAILED: mat1 and mat2 shapes cannot be multiplied (40x1024 and 512x32768)
  [126/150] L20N1273: FAILED: mat1 and mat2 shapes cannot be multiplied (40x1024 and 512x32768)
  [127/150] L19N2774: FAILED: mat1 and mat2 shapes cannot be multiplied (40x1024 and 512x32768)
  [128/150] L19N572: FAILED: mat1 and mat2 shapes cannot be multiplied (40x1024 and 512x32768)
  [129/150] L22N3274: FAILED: mat1 and mat2 shapes cannot be multiplied (40x1024 and 512x32768)
  [130/150] L20N2456: FAILED: mat1 and mat2 shapes cannot be multiplied (40x1024 and 512x32768)
  [131/150] L17N3933: FAILED: mat1 and mat2 shapes cannot be multiplied (40x1024 and 512x32768)
  [132/150] L1N672: FAILED: mat1 and mat2 shapes cannot be multiplied (40x1024 and 512x32768)
  [133/150] L23N2312: FAILED: mat1 and mat2 shapes cannot be multiplied (40x1024 and 512x32768)
  [134/150] L19N4019: FAILED: mat1 and mat2 shapes cannot be multiplied (40x1024 and 512x32768)
  [135/150] L20N201: FAILED: mat1 and mat2 shapes cannot be multiplied (40x1024 and 512x32768)
  [136/150] L15N827: FAILED: mat1 and mat2 shapes cannot be multiplied (40x1024 and 512x32768)
  [137/150] L22N1400: FAILED: mat1 and mat2 shapes cannot be multiplied (40x1024 and 512x32768)
  [138/150] L20N3753: FAILED: mat1 and mat2 shapes cannot be multiplied (40x1024 and 512x32768)
  [139/150] L21N4040: FAILED: mat1 and mat2 shapes cannot be multiplied (40x1024 and 512x32768)
  [140/150] L20N1503: FAILED: mat1 and mat2 shapes cannot be multiplied (40x1024 and 512x32768)
  [141/150] L19N2275: FAILED: mat1 and mat2 shapes cannot be multiplied (40x1024 and 512x32768)
  [142/150] L1N3560: FAILED: mat1 and mat2 shapes cannot be multiplied (40x1024 and 512x32768)
  [143/150] L21N3539: FAILED: mat1 and mat2 shapes cannot be multiplied (40x1024 and 512x32768)
  [144/150] L1N2361: FAILED: mat1 and mat2 shapes cannot be multiplied (40x1024 and 512x32768)
  [145/150] L19N4093: FAILED: mat1 and mat2 shapes cannot be multiplied (40x1024 and 512x32768)
  [146/150] L18N1612: FAILED: mat1 and mat2 shapes cannot be multiplied (40x1024 and 512x32768)
  [147/150] L1N2852: FAILED: mat1 and mat2 shapes cannot be multiplied (40x1024 and 512x32768)
  [148/150] L21N4027: FAILED: mat1 and mat2 shapes cannot be multiplied (40x1024 and 512x32768)
  [149/150] L22N3432: FAILED: mat1 and mat2 shapes cannot be multiplied (40x1024 and 512x32768)
  [150/150] L20N2141: FAILED: mat1 and mat2 shapes cannot be multiplied (40x1024 and 512x32768)

Done. Results saved to results/flow1_pythia410m_realscale.json
=== BLOOM-560M RQ4 (fixed target_layer) ===
/home/hyohyeongjang/.conda/envs/commonRegion/lib/python3.10/site-packages/requests/__init__.py:113: RequestsDependencyWarning: urllib3 (2.5.0) or chardet (6.0.0.post1)/charset_normalizer (3.4.3) doesn't match a supported version!
  warnings.warn(
[bloom-560m] Loading model on cuda:1...
MLSAE: n_inputs=1024, n_latents=65536, k=32
Streaming probe corpus: ['en', 'fr', 'es', 'pt', 'zh', 'ar', 'vi', 'hi', 'id', 'bn', 'sw'], 1500 examples/language...
  en: 1500 examples
  fr: 1500 examples
  es: 1500 examples
  pt: 1500 examples
  zh: 1500 examples
  ar: 1500 examples
  vi: 1500 examples
  hi: 1500 examples
  id: 1500 examples
  bn: 1500 examples
  sw: 1500 examples
  corpus streamed in 97s
Pass 1/2: streaming through every example, accumulating LAPE statistics only...
  2000/16500 examples processed, 42s elapsed
  4000/16500 examples processed, 84s elapsed
  6000/16500 examples processed, 126s elapsed
  8000/16500 examples processed, 168s elapsed
  10000/16500 examples processed, 211s elapsed
  12000/16500 examples processed, 253s elapsed
  14000/16500 examples processed, 295s elapsed
  16000/16500 examples processed, 337s elapsed
  LAPE accumulation done in 347s
  760 language-specific neurons found (percentile cutoff)
Pass 2/2: re-streaming each language's examples, this time caching only the residual stream plus the 150 target neurons' own activation columns...
  selective caching done in 458s
Analyzing top 150 neurons (attribution + patching)...
  [1/150] L1N2644 (zh): overlap=1.00, n_patchable=18, attributed/neuron=11.281/0.701, random=0.000 (3s)
  [2/150] L23N252 (bn): overlap=1.00, n_patchable=10, attributed/neuron=3.200/1.152, random=0.000 (3s)
  [3/150] L23N3841 (id): overlap=0.90, n_patchable=5, attributed/neuron=1.549/0.783, random=0.000 (3s)
  [4/150] L23N1189 (zh): overlap=0.74, n_patchable=5, attributed/neuron=67.035/0.275, random=0.000 (3s)
  [5/150] L22N967 (hi): overlap=0.38, n_patchable=22, attributed/neuron=5.196/2.816, random=0.000 (3s)
  [6/150] L23N283 (sw): overlap=0.90, n_patchable=8, attributed/neuron=11.330/0.839, random=0.000 (3s)
  [7/150] L23N127 (zh): overlap=0.60, n_patchable=5, attributed/neuron=86.178/0.968, random=0.000 (3s)
  [8/150] L23N410 (ar): overlap=0.74, n_patchable=15, attributed/neuron=1.143/0.387, random=0.000 (3s)
  [9/150] L22N381 (zh): overlap=0.54, n_patchable=10, attributed/neuron=112.441/8.026, random=0.000 (3s)
  [10/150] L19N400 (es): overlap=0.90, n_patchable=5, attributed/neuron=1.719/1.196, random=0.000 (3s)
  [11/150] L22N3909 (zh): overlap=0.43, n_patchable=14, attributed/neuron=156.604/0.350, random=0.000 (3s)
  [12/150] L23N2681 (fr): overlap=0.90, n_patchable=8, attributed/neuron=0.559/0.300, random=0.000 (3s)
  [13/150] L15N951 (sw): overlap=0.43, n_patchable=8, attributed/neuron=2.346/11.052, random=0.000 (3s)
  [14/150] L22N1862 (ar): overlap=0.43, n_patchable=17, attributed/neuron=22.071/0.821, random=0.000 (3s)
  [15/150] L23N2790 (hi): overlap=1.00, n_patchable=12, attributed/neuron=1.007/0.522, random=0.000 (3s)
  [16/150] L23N3249 (bn): overlap=0.82, n_patchable=12, attributed/neuron=4.244/0.848, random=0.000 (3s)
  [17/150] L22N2180 (hi): overlap=0.60, n_patchable=23, attributed/neuron=3.856/1.249, random=0.006 (3s)
  [18/150] L19N2995 (bn): overlap=0.67, n_patchable=17, attributed/neuron=61.170/0.782, random=0.000 (3s)
  [19/150] L22N1985 (zh): overlap=0.82, n_patchable=12, attributed/neuron=19.999/2.625, random=0.000 (3s)
  [20/150] L19N3841 (hi): overlap=0.54, n_patchable=14, attributed/neuron=10.402/1.395, random=0.000 (3s)
  [21/150] L15N932 (id): overlap=0.67, n_patchable=10, attributed/neuron=52.319/5.263, random=0.014 (3s)
  [22/150] L23N1379 (pt): overlap=1.00, n_patchable=2, attributed/neuron=0.000/0.203, random=0.000 (3s)
  [23/150] L20N1561 (ar): overlap=0.48, n_patchable=18, attributed/neuron=6.619/0.969, random=0.000 (3s)
  [24/150] L22N2912 (vi): overlap=0.14, n_patchable=20, attributed/neuron=225.063/1.073, random=0.000 (3s)
  [25/150] L21N2933 (fr): overlap=0.82, n_patchable=12, attributed/neuron=173.462/0.235, random=0.000 (3s)
  [26/150] L20N2337 (sw): overlap=0.90, n_patchable=6, attributed/neuron=27.162/1.872, random=0.000 (3s)
  [27/150] L23N3864 (zh): overlap=0.74, n_patchable=10, attributed/neuron=130.648/0.984, random=0.000 (3s)
  [28/150] L23N3193 (id): overlap=1.00, n_patchable=6, attributed/neuron=4.858/3.247, random=0.000 (3s)
  [29/150] L16N1991 (es): overlap=0.90, n_patchable=15, attributed/neuron=4.374/0.284, random=0.001 (3s)
  [30/150] L23N2197 (zh): overlap=0.90, n_patchable=12, attributed/neuron=7.666/0.199, random=0.000 (3s)
  [31/150] L23N2028 (ar): overlap=1.00, n_patchable=15, attributed/neuron=2.120/0.636, random=0.000 (3s)
  [32/150] L23N2999 (id): overlap=0.90, n_patchable=15, attributed/neuron=8.295/1.292, random=0.000 (3s)
  [33/150] L20N720 (hi): overlap=0.60, n_patchable=19, attributed/neuron=2.043/1.206, random=0.000 (3s)
  [34/150] L2N3636 (bn): overlap=0.60, n_patchable=4, attributed/neuron=0.903/1.593, random=0.000 (3s)
  [35/150] L19N1860 (bn): overlap=0.33, n_patchable=16, attributed/neuron=160.866/1.610, random=0.000 (3s)
  [36/150] L15N1462 (sw): overlap=0.48, n_patchable=11, attributed/neuron=24.020/0.916, random=0.008 (3s)
  [37/150] L22N2533 (ar): overlap=0.25, n_patchable=14, attributed/neuron=15.191/0.627, random=0.053 (3s)
  [38/150] L21N3608 (pt): overlap=0.74, n_patchable=7, attributed/neuron=145.231/0.179, random=0.000 (3s)
  [39/150] L22N871 (es): overlap=0.29, n_patchable=13, attributed/neuron=212.349/0.548, random=0.000 (3s)
  [40/150] L21N631 (ar): overlap=0.38, n_patchable=14, attributed/neuron=7.222/0.825, random=0.000 (3s)
  [41/150] L23N723 (es): overlap=0.90, n_patchable=6, attributed/neuron=0.524/0.102, random=0.000 (3s)
  [42/150] L23N1843 (pt): overlap=1.00, n_patchable=6, attributed/neuron=0.000/0.193, random=0.000 (3s)
  [43/150] L21N1098 (es): overlap=1.00, n_patchable=9, attributed/neuron=165.332/1.004, random=0.000 (3s)
  [44/150] L2N2104 (id): overlap=0.43, n_patchable=16, attributed/neuron=1.778/0.949, random=0.000 (3s)
  [45/150] L18N206 (bn): overlap=0.60, n_patchable=13, attributed/neuron=40.890/2.347, random=0.000 (3s)
  [46/150] L20N1026 (hi): overlap=0.43, n_patchable=17, attributed/neuron=9.465/2.130, random=0.000 (3s)
  [47/150] L23N1446 (zh): overlap=0.67, n_patchable=17, attributed/neuron=125.065/0.213, random=0.000 (3s)
  [48/150] L22N3059 (fr): overlap=0.29, n_patchable=8, attributed/neuron=235.779/0.365, random=0.000 (3s)
  [49/150] L16N2075 (ar): overlap=0.54, n_patchable=17, attributed/neuron=3.778/0.338, random=0.001 (3s)
  [50/150] L23N3189 (es): overlap=1.00, n_patchable=2, attributed/neuron=0.032/0.179, random=0.000 (3s)
  [51/150] L17N1833 (bn): overlap=0.54, n_patchable=20, attributed/neuron=7.257/0.658, random=0.000 (3s)
  [52/150] L20N1636 (es): overlap=0.67, n_patchable=14, attributed/neuron=175.740/0.217, random=0.000 (3s)
  [53/150] L14N2743 (pt): overlap=0.90, n_patchable=9, attributed/neuron=16.998/1.286, random=0.031 (3s)
  [54/150] L19N194 (sw): overlap=0.82, n_patchable=7, attributed/neuron=6.946/4.740, random=0.000 (3s)
  [55/150] L22N1897 (hi): overlap=0.74, n_patchable=15, attributed/neuron=6.348/0.587, random=0.000 (3s)
  [56/150] L0N19 (bn): overlap=0.60, n_patchable=12, attributed/neuron=1.497/0.845, random=0.000 (3s)
  [57/150] L16N1718 (sw): overlap=0.54, n_patchable=20, attributed/neuron=114.480/56.684, random=0.000 (3s)
  [58/150] L22N2812 (zh): overlap=0.38, n_patchable=11, attributed/neuron=102.081/0.221, random=0.000 (3s)
  [59/150] L18N403 (hi): overlap=0.54, n_patchable=15, attributed/neuron=4.455/0.586, random=0.000 (3s)
  [60/150] L23N3452 (zh): overlap=0.25, n_patchable=7, attributed/neuron=161.390/0.818, random=0.000 (3s)
  [61/150] L23N420 (ar): overlap=0.74, n_patchable=12, attributed/neuron=8.980/0.358, random=0.000 (3s)
  [62/150] L21N3602 (pt): overlap=0.29, n_patchable=15, attributed/neuron=235.969/0.262, random=0.014 (3s)
  [63/150] L19N2655 (ar): overlap=0.60, n_patchable=10, attributed/neuron=2.030/0.312, random=0.019 (3s)
  [64/150] L22N1827 (ar): overlap=0.33, n_patchable=23, attributed/neuron=25.297/0.779, random=0.005 (3s)
  [65/150] L23N3898 (fr): overlap=0.54, n_patchable=10, attributed/neuron=121.056/0.174, random=0.000 (3s)
  [66/150] L22N2178 (pt): overlap=0.74, n_patchable=8, attributed/neuron=119.505/0.189, random=0.000 (3s)
  [67/150] L0N1032 (pt): overlap=0.67, n_patchable=16, attributed/neuron=1.787/0.231, random=0.000 (3s)
  [68/150] L23N3100 (id): overlap=1.00, n_patchable=6, attributed/neuron=2.521/0.637, random=0.000 (3s)
  [69/150] L12N3239 (ar): overlap=0.74, n_patchable=25, attributed/neuron=1.437/0.421, random=0.002 (3s)
  [70/150] L22N2450 (vi): overlap=0.90, n_patchable=6, attributed/neuron=10.195/0.457, random=0.000 (3s)
  [71/150] L23N3924 (fr): overlap=0.67, n_patchable=4, attributed/neuron=93.898/0.134, random=0.000 (3s)
  [72/150] L14N580 (ar): overlap=0.54, n_patchable=10, attributed/neuron=1.580/0.447, random=0.001 (3s)
  [73/150] L22N2072 (id): overlap=0.90, n_patchable=7, attributed/neuron=0.811/0.448, random=0.002 (3s)
  [74/150] L23N353 (vi): overlap=0.74, n_patchable=11, attributed/neuron=75.348/1.919, random=0.000 (3s)
  [75/150] L16N2970 (ar): overlap=0.54, n_patchable=19, attributed/neuron=1.716/0.590, random=0.000 (3s)
  [76/150] L22N3684 (ar): overlap=0.67, n_patchable=15, attributed/neuron=6.386/0.672, random=0.023 (3s)
  [77/150] L22N3014 (ar): overlap=0.25, n_patchable=9, attributed/neuron=5.679/2.187, random=0.000 (3s)
  [78/150] L17N2296 (sw): overlap=0.60, n_patchable=10, attributed/neuron=2.895/6.379, random=0.000 (3s)
  [79/150] L23N950 (pt): overlap=0.90, n_patchable=4, attributed/neuron=0.059/0.121, random=0.000 (3s)
  [80/150] L23N3362 (id): overlap=0.90, n_patchable=8, attributed/neuron=9.309/0.360, random=0.000 (3s)
  [81/150] L19N1282 (id): overlap=0.67, n_patchable=7, attributed/neuron=12.691/0.373, random=0.000 (3s)
  [82/150] L23N395 (fr): overlap=1.00, n_patchable=7, attributed/neuron=1.075/0.122, random=0.000 (3s)
  [83/150] L23N488 (vi): overlap=0.67, n_patchable=4, attributed/neuron=140.741/0.685, random=0.000 (3s)
  [84/150] L17N3029 (sw): overlap=0.29, n_patchable=6, attributed/neuron=24.674/9.704, random=0.000 (3s)
  [85/150] L22N3935 (pt): overlap=1.00, n_patchable=6, attributed/neuron=2.247/0.268, random=0.000 (3s)
  [86/150] L23N1247 (pt): overlap=0.43, n_patchable=15, attributed/neuron=197.061/0.553, random=0.000 (3s)
  [87/150] L21N2884 (zh): overlap=0.43, n_patchable=15, attributed/neuron=107.427/0.330, random=0.002 (3s)
  [88/150] L22N3877 (hi): overlap=0.82, n_patchable=7, attributed/neuron=0.456/0.379, random=0.000 (3s)
  [89/150] L23N1439 (hi): overlap=0.82, n_patchable=14, attributed/neuron=1.938/1.212, random=0.000 (3s)
  [90/150] L23N1123 (ar): overlap=0.90, n_patchable=10, attributed/neuron=2.218/0.590, random=0.000 (3s)
  [91/150] L22N1653 (ar): overlap=0.29, n_patchable=18, attributed/neuron=6.326/0.358, random=0.005 (3s)
  [92/150] L19N1569 (ar): overlap=0.54, n_patchable=15, attributed/neuron=57.519/0.355, random=0.000 (3s)
  [93/150] L21N1796 (es): overlap=0.43, n_patchable=14, attributed/neuron=237.080/0.494, random=0.000 (3s)
  [94/150] L23N3780 (fr): overlap=1.00, n_patchable=5, attributed/neuron=1.040/0.185, random=0.000 (3s)
  [95/150] L21N2509 (id): overlap=0.82, n_patchable=18, attributed/neuron=3.939/0.869, random=0.000 (3s)
  [96/150] L23N3435 (en): overlap=1.00, n_patchable=3, attributed/neuron=4.059/0.133, random=0.000 (3s)
  [97/150] L22N2310 (pt): overlap=0.60, n_patchable=10, attributed/neuron=198.026/0.620, random=0.000 (3s)
  [98/150] L23N3474 (ar): overlap=1.00, n_patchable=5, attributed/neuron=0.296/0.173, random=0.000 (3s)
  [99/150] L23N316 (hi): overlap=0.82, n_patchable=19, attributed/neuron=6.333/0.429, random=0.000 (3s)
  [100/150] L23N759 (bn): overlap=0.67, n_patchable=8, attributed/neuron=1.662/0.615, random=0.000 (3s)
  [101/150] L18N4084 (sw): overlap=0.54, n_patchable=1, attributed/neuron=32.944/16.982, random=0.000 (3s)
  [102/150] L18N1165 (ar): overlap=0.60, n_patchable=15, attributed/neuron=5.628/0.991, random=0.000 (3s)
  [103/150] L23N1695 (zh): overlap=0.74, n_patchable=10, attributed/neuron=19.935/0.211, random=0.000 (3s)
  [104/150] L1N158 (vi): overlap=0.82, n_patchable=23, attributed/neuron=2.024/0.799, random=0.000 (3s)
  [105/150] L21N309 (pt): overlap=0.60, n_patchable=8, attributed/neuron=122.414/0.306, random=0.000 (3s)
  [106/150] L18N2010 (hi): overlap=0.67, n_patchable=11, attributed/neuron=3.672/0.945, random=0.000 (3s)
  [107/150] L16N174 (sw): overlap=0.67, n_patchable=9, attributed/neuron=3.107/6.910, random=0.001 (3s)
  [108/150] L22N2002 (pt): overlap=0.60, n_patchable=9, attributed/neuron=241.681/0.121, random=0.000 (3s)
  [109/150] L20N3765 (bn): overlap=0.38, n_patchable=14, attributed/neuron=18.218/1.700, random=0.004 (3s)
  [110/150] L23N3957 (es): overlap=1.00, n_patchable=7, attributed/neuron=5.022/0.089, random=0.000 (3s)
  [111/150] L23N1583 (ar): overlap=0.60, n_patchable=12, attributed/neuron=4.280/0.362, random=0.000 (3s)
  [112/150] L21N3547 (vi): overlap=0.21, n_patchable=13, attributed/neuron=264.356/0.584, random=0.000 (3s)
  [113/150] L21N123 (bn): overlap=0.29, n_patchable=16, attributed/neuron=62.450/1.600, random=0.000 (3s)
  [114/150] L20N1187 (en): overlap=0.90, n_patchable=9, attributed/neuron=191.768/0.207, random=0.000 (3s)
  [115/150] L21N2856 (hi): overlap=0.43, n_patchable=30, attributed/neuron=11.284/0.716, random=0.000 (3s)
  [116/150] L23N661 (pt): overlap=1.00, n_patchable=2, attributed/neuron=0.130/0.172, random=0.000 (3s)
  [117/150] L23N2450 (pt): overlap=1.00, n_patchable=8, attributed/neuron=4.349/0.298, random=2.940 (3s)
  [118/150] L18N617 (sw): overlap=0.74, n_patchable=15, attributed/neuron=18.002/5.034, random=0.006 (3s)
  [119/150] L20N3114 (hi): overlap=0.48, n_patchable=7, attributed/neuron=3.068/0.618, random=0.000 (3s)
  [120/150] L20N2850 (bn): overlap=0.25, n_patchable=16, attributed/neuron=48.151/0.925, random=0.000 (3s)
  [121/150] L23N2086 (vi): overlap=0.82, n_patchable=8, attributed/neuron=2.123/0.475, random=0.000 (3s)
  [122/150] L23N906 (es): overlap=1.00, n_patchable=5, attributed/neuron=0.288/0.100, random=0.000 (3s)
  [123/150] L22N1201 (fr): overlap=0.48, n_patchable=10, attributed/neuron=208.012/0.399, random=0.000 (3s)
  [124/150] L22N1183 (sw): overlap=0.82, n_patchable=1, attributed/neuron=0.589/2.449, random=0.000 (3s)
  [125/150] L22N2967 (bn): overlap=0.67, n_patchable=18, attributed/neuron=11.430/0.464, random=0.003 (3s)
  [126/150] L1N3060 (bn): overlap=0.48, n_patchable=20, attributed/neuron=0.982/0.458, random=0.000 (3s)
  [127/150] L23N36 (sw): overlap=0.54, n_patchable=4, attributed/neuron=18.752/0.331, random=0.000 (3s)
  [128/150] L21N2241 (bn): overlap=0.60, n_patchable=6, attributed/neuron=16.667/0.364, random=0.000 (3s)
  [129/150] L20N623 (sw): overlap=0.90, n_patchable=7, attributed/neuron=27.729/53.869, random=0.000 (3s)
  [130/150] L18N490 (pt): overlap=0.90, n_patchable=15, attributed/neuron=2.441/0.122, random=0.003 (3s)
  [131/150] L23N2802 (bn): overlap=0.90, n_patchable=4, attributed/neuron=0.617/0.594, random=0.000 (3s)
  [132/150] L22N652 (en): overlap=0.48, n_patchable=9, attributed/neuron=193.025/0.406, random=0.000 (3s)
  [133/150] L19N3200 (sw): overlap=0.48, n_patchable=9, attributed/neuron=3.481/2.748, random=0.000 (3s)
  [134/150] L21N283 (en): overlap=0.48, n_patchable=4, attributed/neuron=252.507/0.183, random=0.000 (3s)
  [135/150] L21N81 (es): overlap=0.82, n_patchable=3, attributed/neuron=103.368/0.089, random=0.000 (3s)
  [136/150] L21N3369 (fr): overlap=0.67, n_patchable=22, attributed/neuron=229.274/0.396, random=0.000 (3s)
  [137/150] L22N3980 (pt): overlap=0.38, n_patchable=14, attributed/neuron=138.306/0.162, random=0.006 (3s)
  [138/150] L23N1814 (en): overlap=0.43, n_patchable=4, attributed/neuron=72.387/0.123, random=0.000 (3s)
  [139/150] L23N2961 (pt): overlap=0.67, n_patchable=11, attributed/neuron=94.579/0.252, random=0.000 (3s)
  [140/150] L22N1020 (pt): overlap=0.82, n_patchable=8, attributed/neuron=5.570/0.960, random=0.007 (3s)
  [141/150] L20N1599 (pt): overlap=0.67, n_patchable=9, attributed/neuron=4.218/0.408, random=0.000 (3s)
  [142/150] L23N1070 (en): overlap=1.00, n_patchable=14, attributed/neuron=1.802/0.075, random=0.000 (3s)
  [143/150] L22N3685 (pt): overlap=0.67, n_patchable=14, attributed/neuron=255.162/0.385, random=0.000 (3s)
  [144/150] L21N1575 (id): overlap=0.29, n_patchable=29, attributed/neuron=58.913/12.449, random=0.000 (3s)
  [145/150] L21N2399 (fr): overlap=1.00, n_patchable=9, attributed/neuron=1.107/0.431, random=0.000 (3s)
  [146/150] L21N2358 (es): overlap=0.48, n_patchable=7, attributed/neuron=137.274/0.098, random=0.000 (3s)
  [147/150] L23N2939 (bn): overlap=1.00, n_patchable=12, attributed/neuron=5.857/0.808, random=0.000 (3s)
  [148/150] L23N1014 (pt): overlap=0.82, n_patchable=14, attributed/neuron=5.395/0.495, random=0.000 (3s)
  [149/150] L17N2911 (id): overlap=0.67, n_patchable=16, attributed/neuron=85.756/90.970, random=0.002 (3s)
  [150/150] L20N2245 (sw): overlap=0.54, n_patchable=14, attributed/neuron=58.662/14.634, random=0.000 (3s)

Done. Results saved to results/flow1_bloom560m_realscale.json
=== CHAIN A DONE ===
