/home/hyohyeongjang/.conda/envs/commonRegion/lib/python3.10/site-packages/requests/__init__.py:113: RequestsDependencyWarning: urllib3 (2.5.0) or chardet (6.0.0.post1)/charset_normalizer (3.4.3) doesn't match a supported version!
  warnings.warn(
[bloom-1b7] Loading model + trained MLSAE on cuda:1...
Selected 44 neurons across 11 languages (up to 4 per language)
Streaming probe corpus: ['en', 'fr', 'es', 'pt', 'zh', 'ar', 'vi', 'hi', 'id', 'bn', 'sw'], 1500 examples/language...
  corpus streamed in 110s
Selectively caching FULL residual stream (all layers) + target neuron columns...
  selective caching done in 597s
Precomputing background SAE encoding at all 24 layers (neuron-independent, done once)...
  done in 3s

Running cross-layer persistence sweep on 44 neurons, 24 layers each...
  5/44 neurons swept, 14s elapsed
  10/44 neurons swept, 27s elapsed
  15/44 neurons swept, 40s elapsed
  20/44 neurons swept, 54s elapsed
  25/44 neurons swept, 67s elapsed
  30/44 neurons swept, 80s elapsed
  35/44 neurons swept, 94s elapsed
  40/44 neurons swept, 107s elapsed

Done. Results saved to results/cross_layer_bloom1b7.json
