/home/hyohyeongjang/.conda/envs/commonRegion/lib/python3.10/site-packages/requests/__init__.py:113: RequestsDependencyWarning: urllib3 (2.5.0) or chardet (6.0.0.post1)/charset_normalizer (3.4.3) doesn't match a supported version!
  warnings.warn(
[bloom-560m] Loading model + trained MLSAE on cuda:0...
Selected 44 neurons across 11 languages (up to 4 per language)
Streaming probe corpus: ['en', 'fr', 'es', 'pt', 'zh', 'ar', 'vi', 'hi', 'id', 'bn', 'sw'], 1500 examples/language...
  corpus streamed in 105s
Selectively caching FULL residual stream (all layers) + target neuron columns...
  selective caching done in 481s
Precomputing background SAE encoding at all 24 layers (neuron-independent, done once)...
  done in 1s

Running cross-layer persistence sweep on 44 neurons, 24 layers each...
  5/44 neurons swept, 9s elapsed
  10/44 neurons swept, 17s elapsed
  15/44 neurons swept, 25s elapsed
  20/44 neurons swept, 33s elapsed
  25/44 neurons swept, 41s elapsed
  30/44 neurons swept, 49s elapsed
  35/44 neurons swept, 57s elapsed
  40/44 neurons swept, 65s elapsed

Done. Results saved to results/cross_layer_bloom560m.json
