/home/hyohyeongjang/.conda/envs/commonRegion/lib/python3.10/site-packages/requests/__init__.py:113: RequestsDependencyWarning: urllib3 (2.5.0) or chardet (6.0.0.post1)/charset_normalizer (3.4.3) doesn't match a supported version!
  warnings.warn(
[bloom-560m] Loading model + trained MLSAE on cuda:0...
Reusing 150 LAPE-selected neurons from results/flow1_bloom560m_realscale.json
Streaming probe corpus: ['en', 'fr', 'es', 'pt', 'zh', 'ar', 'vi', 'hi', 'id', 'bn', 'sw'], 1500 examples/language...
  corpus streamed in 106s
Selectively caching residual stream + target neuron columns...
  selective caching done in 476s
Building a 8-example shared background sample...

Running dominant-latent check on 150 neurons...
  10/150 neurons checked, 21s elapsed, 1 with >=1 flagged latent so far
  20/150 neurons checked, 60s elapsed, 3 with >=1 flagged latent so far
  40/150 neurons checked, 130s elapsed, 8 with >=1 flagged latent so far
  70/150 neurons checked, 245s elapsed, 14 with >=1 flagged latent so far
  120/150 neurons checked, 394s elapsed, 20 with >=1 flagged latent so far
  130/150 neurons checked, 425s elapsed, 21 with >=1 flagged latent so far
  140/150 neurons checked, 454s elapsed, 26 with >=1 flagged latent so far
  150/150 neurons checked, 488s elapsed, 28 with >=1 flagged latent so far

28/99 neurons had at least one dominant/context-independent latent flagged.
Done. Results saved to results/dominant_latent_bloom560m.json
