/home/hyohyeongjang/.conda/envs/commonRegion/lib/python3.10/site-packages/requests/__init__.py:113: RequestsDependencyWarning: urllib3 (2.5.0) or chardet (6.0.0.post1)/charset_normalizer (3.4.3) doesn't match a supported version!
  warnings.warn(
[pythia-410m] Loading model on cuda:0...
MLSAE: n_inputs=1024, n_latents=65536, k=32
Streaming probe corpus: ['en', 'fr', 'de', 'es', 'it', 'nl', 'pt', 'ru', 'zh', 'ja'], 1500 examples/language...
  en: 1500 examples
  fr: 1500 examples
  de: 1500 examples
  es: 1500 examples
  it: 1500 examples
  nl: 1500 examples
  pt: 1500 examples
  ru: 1500 examples
  zh: 1500 examples
  ja: 1500 examples
  corpus streamed in 103s
Pass 1/2: streaming through every example, accumulating LAPE statistics only...
  2000/15000 examples processed, 39s elapsed
  4000/15000 examples processed, 78s elapsed
  6000/15000 examples processed, 117s elapsed
  8000/15000 examples processed, 156s elapsed
  10000/15000 examples processed, 195s elapsed
  12000/15000 examples processed, 234s elapsed
  14000/15000 examples processed, 274s elapsed
  LAPE accumulation done in 294s
  873 language-specific neurons found (percentile cutoff)
Pass 2/2: re-streaming each language's examples, this time caching only the residual stream plus the 150 target neurons' own activation columns...
  selective caching done in 394s
Analyzing top 150 neurons (attribution + patching)...
  [1/150] L23N4037 (nl): overlap=0.90, n_patchable=5, attributed/neuron=0.819/0.203, random=0.000 (3s)
  [2/150] L18N2584 (pt): overlap=0.54, n_patchable=10, attributed/neuron=1.478/0.631, random=0.000 (3s)
  [3/150] L16N2698 (it): overlap=0.60, n_patchable=5, attributed/neuron=1.770/0.842, random=0.000 (3s)
  [4/150] L16N2287 (fr): overlap=0.67, n_patchable=13, attributed/neuron=3.211/1.522, random=0.000 (3s)
  [5/150] L20N1311 (it): overlap=0.60, n_patchable=8, attributed/neuron=3.003/0.585, random=0.001 (3s)
  [6/150] L13N531 (en): overlap=1.00, n_patchable=0, no patchable latents (0s)
  [7/150] L17N2938 (en): overlap=0.90, n_patchable=6, attributed/neuron=2.341/0.089, random=0.000 (3s)
  [8/150] L8N236 (en): overlap=0.90, n_patchable=1, attributed/neuron=0.000/0.086, random=0.000 (3s)
  [9/150] L22N2088 (ru): overlap=0.67, n_patchable=1, attributed/neuron=0.826/0.217, random=0.000 (3s)
  [10/150] L1N3877 (it): overlap=0.67, n_patchable=5, attributed/neuron=0.634/0.216, random=0.018 (3s)
  [11/150] L16N3634 (nl): overlap=0.54, n_patchable=10, attributed/neuron=2.556/0.634, random=0.001 (3s)
  [12/150] L10N1071 (en): overlap=1.00, n_patchable=1, attributed/neuron=0.000/0.091, random=0.000 (3s)
  [13/150] L16N1186 (pt): overlap=0.67, n_patchable=14, attributed/neuron=2.238/0.551, random=0.007 (3s)
  [14/150] L19N2536 (it): overlap=0.90, n_patchable=2, attributed/neuron=1.586/0.192, random=0.001 (3s)
  [15/150] L23N3466 (nl): overlap=1.00, n_patchable=8, attributed/neuron=0.096/0.077, random=0.000 (3s)
  [16/150] L16N3121 (ja): overlap=0.60, n_patchable=7, attributed/neuron=1.133/0.267, random=0.000 (3s)
  [17/150] L19N2344 (ja): overlap=1.00, n_patchable=5, attributed/neuron=0.688/0.692, random=0.000 (3s)
  [18/150] L19N107 (zh): overlap=0.54, n_patchable=7, attributed/neuron=1.130/0.390, random=0.000 (3s)
  [19/150] L23N120 (fr): overlap=1.00, n_patchable=5, attributed/neuron=0.143/0.118, random=0.000 (3s)
  [20/150] L16N3813 (en): overlap=1.00, n_patchable=1, attributed/neuron=0.837/0.167, random=0.000 (3s)
  [21/150] L20N3537 (nl): overlap=0.90, n_patchable=5, attributed/neuron=0.488/0.189, random=0.000 (3s)
  [22/150] L15N1971 (de): overlap=0.67, n_patchable=8, attributed/neuron=3.401/0.901, random=0.000 (3s)
  [23/150] L1N126 (zh): overlap=0.54, n_patchable=2, attributed/neuron=0.856/0.202, random=0.000 (3s)
  [24/150] L1N876 (nl): overlap=1.00, n_patchable=3, attributed/neuron=0.946/0.299, random=0.000 (3s)
  [25/150] L1N547 (zh): overlap=0.60, n_patchable=5, attributed/neuron=1.798/0.139, random=0.001 (3s)
  [26/150] L18N3915 (zh): overlap=0.90, n_patchable=1, attributed/neuron=1.431/0.173, random=0.000 (3s)
  [27/150] L23N2427 (ja): overlap=0.43, n_patchable=12, attributed/neuron=1.811/0.545, random=0.000 (3s)
  [28/150] L23N2915 (pt): overlap=0.82, n_patchable=2, attributed/neuron=0.020/0.056, random=0.000 (3s)
  [29/150] L22N3353 (fr): overlap=0.82, n_patchable=1, attributed/neuron=0.069/0.113, random=0.000 (3s)
  [30/150] L19N2995 (it): overlap=0.90, n_patchable=1, attributed/neuron=0.017/0.152, random=0.000 (3s)
  [31/150] L14N2509 (zh): overlap=1.00, n_patchable=1, attributed/neuron=0.057/0.095, random=0.000 (3s)
  [32/150] L1N3927 (de): overlap=0.90, n_patchable=4, attributed/neuron=0.940/0.203, random=0.000 (3s)
  [33/150] L1N63 (es): overlap=0.67, n_patchable=3, attributed/neuron=0.596/0.127, random=0.000 (3s)
  [34/150] L20N354 (nl): overlap=0.82, n_patchable=7, attributed/neuron=0.872/0.188, random=0.000 (3s)
  [35/150] L18N2280 (ja): overlap=0.67, n_patchable=6, attributed/neuron=1.052/0.511, random=0.000 (3s)
  [36/150] L16N3423 (nl): overlap=0.74, n_patchable=6, attributed/neuron=1.489/0.351, random=0.000 (3s)
  [37/150] L4N3180 (nl): overlap=0.74, n_patchable=5, attributed/neuron=0.478/0.254, random=0.000 (3s)
  [38/150] L23N2585 (en): overlap=0.82, n_patchable=4, attributed/neuron=0.102/0.055, random=0.000 (3s)
  [39/150] L1N1431 (fr): overlap=0.82, n_patchable=3, attributed/neuron=0.189/0.207, random=0.002 (3s)
  [40/150] L19N139 (nl): overlap=0.82, n_patchable=4, attributed/neuron=0.666/0.178, random=0.000 (3s)
  [41/150] L1N2354 (de): overlap=0.74, n_patchable=2, attributed/neuron=0.003/0.092, random=0.000 (3s)
  [42/150] L22N3121 (en): overlap=0.90, n_patchable=8, attributed/neuron=3.396/0.084, random=0.000 (3s)
  [43/150] L7N3055 (zh): overlap=0.82, n_patchable=9, attributed/neuron=0.237/0.177, random=0.000 (3s)
  [44/150] L22N860 (de): overlap=0.82, n_patchable=2, attributed/neuron=0.054/0.107, random=0.000 (3s)
  [45/150] L18N1209 (es): overlap=0.74, n_patchable=12, attributed/neuron=1.994/0.787, random=0.000 (3s)
  [46/150] L18N3533 (it): overlap=0.67, n_patchable=6, attributed/neuron=1.245/0.324, random=0.000 (3s)
  [47/150] L19N3943 (pt): overlap=0.74, n_patchable=2, attributed/neuron=0.016/0.134, random=0.000 (3s)
  [48/150] L1N984 (it): overlap=0.74, n_patchable=2, attributed/neuron=0.975/0.048, random=0.000 (3s)
  [49/150] L20N1161 (nl): overlap=0.90, n_patchable=1, attributed/neuron=0.000/0.174, random=0.000 (3s)
  [50/150] L18N264 (de): overlap=1.00, n_patchable=4, attributed/neuron=0.789/0.171, random=0.000 (3s)
  [51/150] L20N2970 (ja): overlap=0.74, n_patchable=2, attributed/neuron=1.252/0.144, random=0.000 (3s)
  [52/150] L1N3287 (fr): overlap=0.60, n_patchable=0, no patchable latents (0s)
  [53/150] L1N2441 (fr): overlap=1.00, n_patchable=2, attributed/neuron=0.027/0.200, random=0.000 (3s)
  [54/150] L23N2378 (nl): overlap=0.90, n_patchable=8, attributed/neuron=0.122/0.092, random=0.000 (3s)
  [55/150] L18N166 (nl): overlap=1.00, n_patchable=0, no patchable latents (0s)
  [56/150] L22N2183 (fr): overlap=1.00, n_patchable=3, attributed/neuron=0.640/0.202, random=0.000 (3s)
  [57/150] L19N256 (it): overlap=0.82, n_patchable=0, no patchable latents (0s)
  [58/150] L1N315 (zh): overlap=0.38, n_patchable=7, attributed/neuron=1.933/0.474, random=0.000 (3s)
  [59/150] L19N4058 (fr): overlap=1.00, n_patchable=3, attributed/neuron=0.112/0.198, random=0.000 (3s)
  [60/150] L22N673 (de): overlap=0.67, n_patchable=1, attributed/neuron=0.406/0.099, random=0.000 (3s)
  [61/150] L1N1755 (fr): overlap=0.82, n_patchable=0, no patchable latents (0s)
  [62/150] L1N272 (it): overlap=0.33, n_patchable=5, attributed/neuron=1.478/0.152, random=0.001 (3s)
  [63/150] L21N53 (nl): overlap=0.48, n_patchable=6, attributed/neuron=2.512/0.442, random=0.000 (3s)
  [64/150] L22N2670 (en): overlap=1.00, n_patchable=7, attributed/neuron=1.183/0.112, random=0.091 (3s)
  [65/150] L23N944 (ja): overlap=0.90, n_patchable=5, attributed/neuron=0.121/0.122, random=0.000 (3s)
  [66/150] L23N3273 (en): overlap=0.82, n_patchable=13, attributed/neuron=5.841/0.056, random=0.000 (3s)
  [67/150] L21N2691 (en): overlap=0.90, n_patchable=3, attributed/neuron=2.754/0.091, random=0.001 (3s)
  [68/150] L20N1759 (nl): overlap=0.90, n_patchable=0, no patchable latents (0s)
  [69/150] L20N3718 (es): overlap=1.00, n_patchable=4, attributed/neuron=0.080/0.111, random=0.000 (3s)
  [70/150] L18N517 (en): overlap=0.82, n_patchable=0, no patchable latents (0s)
  [71/150] L19N1067 (it): overlap=0.82, n_patchable=3, attributed/neuron=0.254/0.199, random=0.000 (3s)
  [72/150] L21N1491 (nl): overlap=0.82, n_patchable=1, attributed/neuron=0.016/0.228, random=0.000 (3s)
  [73/150] L1N3480 (fr): overlap=0.74, n_patchable=1, attributed/neuron=0.087/0.217, random=0.000 (3s)
  [74/150] L18N434 (it): overlap=0.38, n_patchable=5, attributed/neuron=1.084/0.360, random=0.000 (3s)
  [75/150] L1N1539 (it): overlap=0.82, n_patchable=3, attributed/neuron=0.140/0.133, random=0.001 (3s)
  [76/150] L19N2665 (es): overlap=1.00, n_patchable=2, attributed/neuron=0.110/0.195, random=0.000 (3s)
  [77/150] L20N228 (ja): overlap=0.90, n_patchable=0, no patchable latents (0s)
  [78/150] L16N2888 (ja): overlap=0.74, n_patchable=10, attributed/neuron=0.658/0.171, random=0.000 (3s)
  [79/150] L1N3423 (nl): overlap=0.90, n_patchable=0, no patchable latents (0s)
  [80/150] L19N2557 (ja): overlap=0.82, n_patchable=1, attributed/neuron=0.000/0.123, random=0.000 (3s)
  [81/150] L21N2186 (pt): overlap=0.90, n_patchable=3, attributed/neuron=1.640/0.155, random=0.000 (3s)
  [82/150] L19N2893 (nl): overlap=1.00, n_patchable=2, attributed/neuron=0.029/0.221, random=0.000 (3s)
  [83/150] L21N3223 (it): overlap=0.90, n_patchable=3, attributed/neuron=0.037/0.107, random=0.000 (3s)
  [84/150] L22N3566 (zh): overlap=0.82, n_patchable=7, attributed/neuron=1.125/0.212, random=0.000 (3s)
  [85/150] L20N1257 (nl): overlap=0.90, n_patchable=0, no patchable latents (0s)
  [86/150] L19N135 (pt): overlap=0.74, n_patchable=4, attributed/neuron=1.302/0.165, random=0.000 (3s)
  [87/150] L23N3919 (ja): overlap=0.74, n_patchable=8, attributed/neuron=1.644/0.170, random=0.000 (3s)
  [88/150] L1N1035 (it): overlap=0.82, n_patchable=3, attributed/neuron=0.140/0.143, random=0.002 (3s)
  [89/150] L21N1222 (nl): overlap=0.90, n_patchable=2, attributed/neuron=0.014/0.179, random=0.000 (3s)
  [90/150] L20N2061 (fr): overlap=0.90, n_patchable=2, attributed/neuron=0.000/0.182, random=0.000 (3s)
  [91/150] L18N312 (fr): overlap=1.00, n_patchable=3, attributed/neuron=0.054/0.176, random=0.000 (3s)
  [92/150] L19N3346 (fr): overlap=0.90, n_patchable=1, attributed/neuron=0.021/0.129, random=0.000 (3s)
  [93/150] L1N2219 (fr): overlap=1.00, n_patchable=2, attributed/neuron=0.715/0.188, random=0.000 (3s)
  [94/150] L1N2605 (zh): overlap=0.38, n_patchable=6, attributed/neuron=2.831/0.181, random=0.000 (3s)
  [95/150] L1N2865 (nl): overlap=0.90, n_patchable=0, no patchable latents (0s)
  [96/150] L20N2203 (ja): overlap=0.90, n_patchable=1, attributed/neuron=0.025/0.077, random=0.000 (3s)
  [97/150] L20N166 (nl): overlap=0.90, n_patchable=3, attributed/neuron=0.011/0.147, random=0.000 (3s)
  [98/150] L19N436 (en): overlap=0.74, n_patchable=9, attributed/neuron=2.261/0.141, random=0.000 (3s)
  [99/150] L20N2314 (nl): overlap=1.00, n_patchable=1, attributed/neuron=2.404/0.140, random=0.000 (3s)
  [100/150] L16N3267 (en): overlap=0.90, n_patchable=3, attributed/neuron=0.157/0.072, random=0.000 (3s)
  [101/150] L23N3964 (ru): overlap=0.67, n_patchable=18, attributed/neuron=1.643/0.315, random=0.000 (3s)
  [102/150] L21N1910 (nl): overlap=0.90, n_patchable=0, no patchable latents (0s)
  [103/150] L21N178 (it): overlap=1.00, n_patchable=2, attributed/neuron=1.182/0.106, random=0.000 (3s)
  [104/150] L1N292 (it): overlap=0.67, n_patchable=2, attributed/neuron=0.143/0.240, random=0.000 (3s)
  [105/150] L3N318 (ja): overlap=0.74, n_patchable=11, attributed/neuron=1.426/0.537, random=0.000 (3s)
  [106/150] L18N2357 (de): overlap=0.82, n_patchable=2, attributed/neuron=0.010/0.179, random=0.000 (3s)
  [107/150] L20N1924 (nl): overlap=1.00, n_patchable=4, attributed/neuron=0.454/0.233, random=0.000 (3s)
  [108/150] L20N1608 (nl): overlap=0.90, n_patchable=0, no patchable latents (0s)
  [109/150] L15N293 (ja): overlap=0.74, n_patchable=1, attributed/neuron=0.030/0.117, random=0.000 (3s)
  [110/150] L20N1193 (nl): overlap=0.74, n_patchable=0, no patchable latents (0s)
  [111/150] L23N1967 (en): overlap=1.00, n_patchable=7, attributed/neuron=0.151/0.069, random=0.000 (3s)
  [112/150] L19N2783 (zh): overlap=0.67, n_patchable=3, attributed/neuron=2.792/0.078, random=0.000 (3s)
  [113/150] L20N1180 (nl): overlap=1.00, n_patchable=1, attributed/neuron=1.754/0.164, random=0.000 (3s)
  [114/150] L1N2567 (it): overlap=0.90, n_patchable=0, no patchable latents (0s)
  [115/150] L1N2393 (ja): overlap=0.60, n_patchable=2, attributed/neuron=0.295/0.123, random=0.000 (3s)
  [116/150] L19N3005 (it): overlap=0.82, n_patchable=5, attributed/neuron=0.075/0.103, random=0.000 (3s)
  [117/150] L21N3947 (fr): overlap=0.90, n_patchable=9, attributed/neuron=0.512/0.122, random=0.000 (3s)
  [118/150] L19N934 (ja): overlap=0.82, n_patchable=1, attributed/neuron=0.001/0.134, random=0.000 (3s)
  [119/150] L21N245 (de): overlap=0.60, n_patchable=7, attributed/neuron=3.618/0.104, random=0.000 (3s)
  [120/150] L23N419 (es): overlap=1.00, n_patchable=7, attributed/neuron=0.211/0.124, random=0.000 (3s)
  [121/150] L18N1691 (en): overlap=0.90, n_patchable=4, attributed/neuron=1.626/0.086, random=0.000 (3s)
  [122/150] L20N1765 (fr): overlap=0.90, n_patchable=2, attributed/neuron=0.900/0.162, random=0.000 (3s)
  [123/150] L20N3532 (de): overlap=0.90, n_patchable=3, attributed/neuron=0.116/0.150, random=0.000 (3s)
  [124/150] L20N3921 (ja): overlap=1.00, n_patchable=0, no patchable latents (0s)
  [125/150] L1N3587 (nl): overlap=0.90, n_patchable=1, attributed/neuron=0.006/0.095, random=0.000 (3s)
  [126/150] L20N1273 (it): overlap=0.60, n_patchable=1, attributed/neuron=0.000/0.152, random=0.000 (3s)
  [127/150] L19N2774 (nl): overlap=0.67, n_patchable=5, attributed/neuron=1.844/0.498, random=0.000 (3s)
  [128/150] L19N572 (es): overlap=0.90, n_patchable=3, attributed/neuron=0.144/0.142, random=0.000 (3s)
  [129/150] L22N3274 (de): overlap=1.00, n_patchable=0, no patchable latents (0s)
  [130/150] L20N2456 (de): overlap=0.82, n_patchable=1, attributed/neuron=1.888/0.182, random=0.000 (3s)
  [131/150] L17N3933 (ja): overlap=0.54, n_patchable=9, attributed/neuron=1.272/0.316, random=0.000 (3s)
  [132/150] L1N672 (nl): overlap=0.60, n_patchable=1, attributed/neuron=0.033/0.082, random=0.000 (3s)
  [133/150] L23N2312 (ja): overlap=0.82, n_patchable=4, attributed/neuron=1.755/0.126, random=0.000 (3s)
  [134/150] L19N4019 (zh): overlap=1.00, n_patchable=1, attributed/neuron=0.008/0.102, random=0.000 (3s)
  [135/150] L20N201 (nl): overlap=1.00, n_patchable=1, attributed/neuron=0.010/0.135, random=0.000 (3s)
  [136/150] L15N827 (zh): overlap=1.00, n_patchable=3, attributed/neuron=0.035/0.068, random=0.000 (3s)
  [137/150] L22N1400 (it): overlap=0.67, n_patchable=1, attributed/neuron=0.039/0.078, random=0.000 (3s)
  [138/150] L20N3753 (it): overlap=1.00, n_patchable=2, attributed/neuron=0.037/0.130, random=0.000 (3s)
  [139/150] L21N4040 (fr): overlap=0.90, n_patchable=0, no patchable latents (0s)
  [140/150] L20N1503 (de): overlap=0.90, n_patchable=0, no patchable latents (0s)
  [141/150] L19N2275 (pt): overlap=0.74, n_patchable=9, attributed/neuron=0.820/0.128, random=0.000 (3s)
  [142/150] L1N3560 (fr): overlap=0.90, n_patchable=0, no patchable latents (0s)
  [143/150] L21N3539 (en): overlap=0.48, n_patchable=6, attributed/neuron=3.714/0.321, random=0.000 (3s)
  [144/150] L1N2361 (it): overlap=0.74, n_patchable=2, attributed/neuron=0.006/0.189, random=0.000 (3s)
  [145/150] L19N4093 (nl): overlap=0.82, n_patchable=1, attributed/neuron=0.002/0.234, random=0.000 (3s)
  [146/150] L18N1612 (de): overlap=0.90, n_patchable=3, attributed/neuron=1.203/0.377, random=0.001 (3s)
  [147/150] L1N2852 (fr): overlap=0.54, n_patchable=2, attributed/neuron=1.519/0.111, random=0.000 (3s)
  [148/150] L21N4027 (nl): overlap=0.82, n_patchable=3, attributed/neuron=2.216/0.121, random=0.000 (3s)
  [149/150] L22N3432 (fr): overlap=0.90, n_patchable=0, no patchable latents (0s)
  [150/150] L20N2141 (nl): overlap=0.90, n_patchable=2, attributed/neuron=0.000/0.140, random=0.000 (3s)

Done. Results saved to results/flow1_pythia410m_realscale.json
