/home/hyohyeongjang/.conda/envs/commonRegion/lib/python3.10/site-packages/requests/__init__.py:113: RequestsDependencyWarning: urllib3 (2.5.0) or chardet (6.0.0.post1)/charset_normalizer (3.4.3) doesn't match a supported version!
  warnings.warn(
Loading bloom-560m and its trained MLSAE on cuda:0...
MLSAE: n_inputs=1024, n_latents=65536, k=32
Streaming probe corpus: ['en', 'fr', 'es', 'pt', 'zh', 'ar', 'vi', 'hi', 'id', 'bn', 'sw'], 1500 examples/language...
  corpus streamed in 105s
Pass 1/2: streaming through the corpus, accumulating LAPE (neuron), SAE-LAPE
(latent), and monolinguality (latent) statistics only — no activations retained.
  2000/16500 examples processed, 97s elapsed
  4000/16500 examples processed, 193s elapsed
  6000/16500 examples processed, 289s elapsed
  8000/16500 examples processed, 387s elapsed
  10000/16500 examples processed, 484s elapsed
  12000/16500 examples processed, 582s elapsed
  14000/16500 examples processed, 678s elapsed
  16000/16500 examples processed, 775s elapsed
  accumulation pass done in 800s
Finalizing LAPE (neuron), SAE-LAPE (latent), and monolinguality (latent) scores...
  760 language-specific neurons found
  SAE-LAPE: 10 language-specific latents found
  Monolinguality: 550 language-specific latents found
  raw per-latent scores saved to results/flow2_bloom560m_rq1_raw_scores.pt for future re-tuning
Pass 2/2: re-streaming each language's examples, caching only the residual stream plus the 150 target neurons' own activation columns...
  selective caching done in 462s

Running attribution on top 150 neurons to get attributed latent sets...
  25/150 neurons attributed
  50/150 neurons attributed
  75/150 neurons attributed
  100/150 neurons attributed
  125/150 neurons attributed
  150/150 neurons attributed

Computing RQ1 overlap: attributed latents vs. SAE-LAPE and monolinguality reference sets...
  en: attributed=265, SAE-LAPE overlap=0 (p=None), monolinguality overlap=17 (p=1.0721507390365782e-28)
  fr: attributed=403, SAE-LAPE overlap=0 (p=None), monolinguality overlap=14 (p=6.764688517575594e-20)
  es: attributed=543, SAE-LAPE overlap=0 (p=None), monolinguality overlap=21 (p=7.047521423213284e-31)
  pt: attributed=1036, SAE-LAPE overlap=0 (p=None), monolinguality overlap=37 (p=3.5157861382523987e-56)
  zh: attributed=449, SAE-LAPE overlap=1 (p=0.0068511962890625), monolinguality overlap=27 (p=1.5594916990370276e-45)
  ar: attributed=843, SAE-LAPE overlap=0 (p=None), monolinguality overlap=33 (p=1.7400559170464028e-50)
  vi: attributed=346, SAE-LAPE overlap=0 (p=None), monolinguality overlap=23 (p=1.8826431937629066e-39)
  hi: attributed=650, SAE-LAPE overlap=4 (p=9.588648068578786e-09), monolinguality overlap=28 (p=3.210787673281607e-43)
  id: attributed=498, SAE-LAPE overlap=3 (p=4.361616697791029e-07), monolinguality overlap=35 (p=4.0391329434537997e-63)
  bn: attributed=661, SAE-LAPE overlap=1 (p=0.0100860595703125), monolinguality overlap=28 (p=5.169391391007705e-43)
  sw: attributed=1094, SAE-LAPE overlap=1 (p=0.016693115234375), monolinguality overlap=20 (p=6.989883484593512e-23)

Pooled (language-agnostic): {'n_attributed': 3645, 'n_sae_lape_reference': 10, 'n_monolinguality_reference': 461, 'sae_lape_jaccard': 0.0027434842249657062, 'sae_lape_overlap_count': 10, 'sae_lape_enrichment_pvalue': 2.799676917508351e-13, 'monolinguality_jaccard': 0.08912466843501327, 'monolinguality_overlap_count': 336, 'monolinguality_enrichment_pvalue': 4.43536806e-316}

Done. Results saved to results/flow2_bloom560m_rq1.json
