/home/hyohyeongjang/.conda/envs/commonRegion/lib/python3.10/site-packages/requests/__init__.py:113: RequestsDependencyWarning: urllib3 (2.5.0) or chardet (6.0.0.post1)/charset_normalizer (3.4.3) doesn't match a supported version!
  warnings.warn(
[google/gemma-2-2b] loading (cpu, float32)...
Fetching 3 files:   0%|          | 0/3 [00:00<?, ?it/s]Fetching 3 files:  33%|███▎      | 1/3 [05:34<11:08, 334.24s/it]Fetching 3 files:  67%|██████▋   | 2/3 [05:44<02:23, 143.51s/it]Fetching 3 files: 100%|██████████| 3/3 [05:44<00:00, 114.74s/it]
The following generation flags are not valid and may be ignored: ['output_hidden_states']. Set `TRANSFORMERS_VERBOSITY=info` for more details.
Loading checkpoint shards:   0%|          | 0/3 [00:00<?, ?it/s]Loading checkpoint shards: 100%|██████████| 3/3 [00:00<00:00, 114.03it/s]
  en done (10 texts so far)
  zh done (20 texts so far)
  layer  0: mean_norm=   78.15  top1_frac=0.1409
  layer  1: mean_norm=   89.70  top1_frac=0.2564
  layer  2: mean_norm=   88.83  top1_frac=0.1401
  layer  3: mean_norm=   96.49  top1_frac=0.1761
  layer  4: mean_norm=  101.83  top1_frac=0.1480
  layer  5: mean_norm=  108.86  top1_frac=0.1683
  layer  6: mean_norm=  113.24  top1_frac=0.1595
  layer  7: mean_norm=  128.72  top1_frac=0.2455
  layer  8: mean_norm=  135.68  top1_frac=0.2577
  layer  9: mean_norm=  151.64  top1_frac=0.2669
  layer 10: mean_norm=  162.91  top1_frac=0.2364
  layer 11: mean_norm=  184.99  top1_frac=0.2892
  layer 12: mean_norm=  185.77  top1_frac=0.2376
  layer 13: mean_norm=  211.04  top1_frac=0.2679
  layer 14: mean_norm=  217.84  top1_frac=0.2663
  layer 15: mean_norm=  243.90  top1_frac=0.2899
  layer 16: mean_norm=  267.20  top1_frac=0.2657
  layer 17: mean_norm=  278.19  top1_frac=0.2571
  layer 18: mean_norm=  306.31  top1_frac=0.2610
  layer 19: mean_norm=  336.74  top1_frac=0.2470
  layer 20: mean_norm=  371.44  top1_frac=0.2166
  layer 21: mean_norm=  420.94  top1_frac=0.2065
  layer 22: mean_norm=  474.73  top1_frac=0.2063
  layer 23: mean_norm=  521.71  top1_frac=0.1936
  layer 24: mean_norm=  607.60  top1_frac=0.2021
  layer 25: mean_norm=  255.24  top1_frac=0.2849
saved results/norm_profile_gemma2-2b.json
